interactions:
- request:
    body: null
    headers:
      Accept:
      - application/json
      Accept-Encoding:
      - gzip, deflate
      Connection:
      - keep-alive
      Content-Length:
      - '0'
      Date:
      - Wed, 11 Nov 2020 02:56:25 GMT
      User-Agent:
      - azsdk-python-communication-administration/1.0.0b2 Python/3.7.9 (Windows-10-10.0.19041-SP0)
      x-ms-return-client-request-id:
      - 'true'
    method: POST
    uri: https://sanitized.dev.communication.azure.net/identities?api-version=2020-07-20-preview2
  response:
    body: '{"id": "sanitized"}'
    headers:
      api-supported-versions:
      - 2020-01-15-generalAvailability, 2020-07-20-preview1, 2020-07-20-preview2
      content-type:
      - application/json; charset=utf-8
      date:
      - Wed, 11 Nov 2020 02:56:20 GMT
      ms-cv:
      - x8XmIjrY0E6PH/BdTLpffg.0
      transfer-encoding:
      - chunked
      x-processing-time:
      - 144ms
    status:
      code: 200
      message: OK
- request:
    body: '{"scopes": ["chat"]}'
    headers:
      Accept:
      - application/json
      Accept-Encoding:
      - gzip, deflate
      Connection:
      - keep-alive
      Content-Length:
      - '20'
      Content-Type:
      - application/json
      Date:
      - Wed, 11 Nov 2020 02:56:25 GMT
      User-Agent:
      - azsdk-python-communication-administration/1.0.0b2 Python/3.7.9 (Windows-10-10.0.19041-SP0)
      x-ms-return-client-request-id:
      - 'true'
    method: POST
    uri: https://sanitized.dev.communication.azure.net/identities/sanitized/token?api-version=2020-07-20-preview2
  response:
    body: '{"id": "sanitized", "token": "sanitized", "expiresOn": "2020-11-12T02:56:21.0144529+00:00"}'
    headers:
      api-supported-versions:
      - 2020-01-15-generalAvailability, 2020-07-20-preview1, 2020-07-20-preview2
      content-type:
      - application/json; charset=utf-8
      date:
      - Wed, 11 Nov 2020 02:56:21 GMT
      ms-cv:
      - 8LTzWugp90aHx97FZu+p4A.0
      transfer-encoding:
      - chunked
      x-processing-time:
      - 780ms
    status:
      code: 200
      message: OK
- request:
    body: null
    headers:
      Accept:
      - application/json
      Accept-Encoding:
      - gzip, deflate
      Connection:
      - keep-alive
      Content-Length:
      - '0'
      Date:
      - Wed, 11 Nov 2020 02:56:26 GMT
      User-Agent:
      - azsdk-python-communication-administration/1.0.0b2 Python/3.7.9 (Windows-10-10.0.19041-SP0)
      x-ms-return-client-request-id:
      - 'true'
    method: POST
    uri: https://sanitized.dev.communication.azure.net/identities?api-version=2020-07-20-preview2
  response:
    body: '{"id": "sanitized"}'
    headers:
      api-supported-versions:
      - 2020-01-15-generalAvailability, 2020-07-20-preview1, 2020-07-20-preview2
      content-type:
      - application/json; charset=utf-8
      date:
      - Wed, 11 Nov 2020 02:56:22 GMT
      ms-cv:
      - bp9P14mD+UC6TxdTr6ek1w.0
      transfer-encoding:
      - chunked
      x-processing-time:
      - 142ms
    status:
      code: 200
      message: OK
- request:
    body: '{"topic": "test topic", "members": "sanitized"}'
    headers:
      Accept:
      - application/json
      Content-Length:
      - '201'
      Content-Type:
      - application/json
      User-Agent:
      - azsdk-python-communication-chat/1.0.0b2 Python/3.7.9 (Windows-10-10.0.19041-SP0)
    method: POST
    uri: https://sanitized.dev.communication.azure.net/chat/threads?api-version=2020-09-21-preview2
  response:
    body: '{"multipleStatus": "sanitized"}'
    headers:
      api-supported-versions: 2020-09-21-preview2, 2020-11-01-preview3
      content-type: application/json; charset=utf-8
      date: Wed, 11 Nov 2020 02:56:22 GMT
      ms-cv: aJyc3G9hQUKOBU8qJtZEAg.0
      strict-transport-security: max-age=2592000
      transfer-encoding: chunked
      x-processing-time: 641ms
    status:
      code: 207
      message: Multi-Status
    url: https://sanitized.dev.communication.azure.net/chat/threads?api-version=2020-09-21-preview2
- request:
    body: '{"members": "sanitized"}'
    headers:
      Accept:
      - application/json
      Content-Length:
      - '178'
      Content-Type:
      - application/json
      User-Agent:
      - azsdk-python-communication-chat/1.0.0b2 Python/3.7.9 (Windows-10-10.0.19041-SP0)
    method: POST
    uri: https://sanitized.dev.communication.azure.net/chat/threads/sanitized/members?api-version=2020-09-21-preview2
  response:
    body: '{"multipleStatus": "sanitized"}'
    headers:
      api-supported-versions: 2020-09-21-preview2
      content-type: application/json; charset=utf-8
      date: Wed, 11 Nov 2020 02:56:23 GMT
      ms-cv: gYPEbqDE/0CBaP/vPy8+2Q.0
      strict-transport-security: max-age=2592000
      transfer-encoding: chunked
      x-processing-time: 456ms
    status:
      code: 207
      message: Multi-Status
    url: https://sanitized.dev.communication.azure.net/chat/threads/sanitized/members?api-version=2020-09-21-preview2
- request:
    body: null
    headers:
      Accept:
      - application/json
      User-Agent:
      - azsdk-python-communication-chat/1.0.0b2 Python/3.7.9 (Windows-10-10.0.19041-SP0)
    method: DELETE
    uri: https://sanitized.dev.communication.azure.net/chat/threads/sanitized?api-version=2020-09-21-preview2
  response:
    body:
      string: ''
    headers:
      api-supported-versions: 2020-09-21-preview2, 2020-11-01-preview3
      date: Wed, 11 Nov 2020 02:56:23 GMT
      ms-cv: CMGj5XGIwkmyeVGsfKeq6A.0
      strict-transport-security: max-age=2592000
      x-processing-time: 347ms
    status:
      code: 204
      message: No Content
    url: https://sanitized.dev.communication.azure.net/chat/threads/sanitized?api-version=2020-09-21-preview2
- request:
    body: null
    headers:
      Accept:
      - '*/*'
      Accept-Encoding:
      - gzip, deflate
      Connection:
      - keep-alive
      Content-Length:
      - '0'
      Date:
      - Wed, 11 Nov 2020 02:56:29 GMT
      User-Agent:
      - azsdk-python-communication-administration/1.0.0b2 Python/3.7.9 (Windows-10-10.0.19041-SP0)
      x-ms-return-client-request-id:
      - 'true'
    method: DELETE
    uri: https://sanitized.dev.communication.azure.net/identities/sanitized?api-version=2020-07-20-preview2
  response:
    body:
      string: ''
    headers:
      api-supported-versions:
      - 2020-01-15-generalAvailability, 2020-07-20-preview1, 2020-07-20-preview2
      date:
      - Wed, 11 Nov 2020 02:56:40 GMT
      ms-cv:
      - 5KUu3gwttkOMhqx4nJXGhg.0
      x-processing-time:
      - 16195ms
    status:
      code: 204
      message: No Content
- request:
    body: null
    headers:
      Accept:
      - '*/*'
      Accept-Encoding:
      - gzip, deflate
      Connection:
      - keep-alive
      Content-Length:
      - '0'
      Date:
      - Wed, 11 Nov 2020 02:56:45 GMT
      User-Agent:
      - azsdk-python-communication-administration/1.0.0b2 Python/3.7.9 (Windows-10-10.0.19041-SP0)
      x-ms-return-client-request-id:
      - 'true'
    method: DELETE
    uri: https://sanitized.dev.communication.azure.net/identities/sanitized?api-version=2020-07-20-preview2
  response:
    body:
      string: ''
    headers:
      api-supported-versions:
      - 2020-01-15-generalAvailability, 2020-07-20-preview1, 2020-07-20-preview2
      date:
      - Wed, 11 Nov 2020 02:56:56 GMT
      ms-cv:
      - GmYalSkY0UqatMGlVAsEQA.0
      x-processing-time:
      - 16463ms
    status:
      code: 204
      message: No Content
version: 1
