interactions:
- request:
    body: null
    headers:
      Accept:
      - application/json
      Accept-Encoding:
      - gzip, deflate
      Connection:
      - keep-alive
      Content-Length:
      - '0'
      Date:
      - Wed, 11 Nov 2020 02:57:02 GMT
      User-Agent:
      - azsdk-python-communication-administration/1.0.0b2 Python/3.7.9 (Windows-10-10.0.19041-SP0)
      x-ms-return-client-request-id:
      - 'true'
    method: POST
    uri: https://sanitized.dev.communication.azure.net/identities?api-version=2020-07-20-preview2
  response:
    body: '{"id": "sanitized"}'
    headers:
      api-supported-versions:
      - 2020-01-15-generalAvailability, 2020-07-20-preview1, 2020-07-20-preview2
      content-type:
      - application/json; charset=utf-8
      date:
      - Wed, 11 Nov 2020 02:56:57 GMT
      ms-cv:
      - mQAkSp+h1Eq/ddqi+o3yZw.0
      transfer-encoding:
      - chunked
      x-processing-time:
      - 144ms
    status:
      code: 200
      message: OK
- request:
    body: '{"scopes": ["chat"]}'
    headers:
      Accept:
      - application/json
      Accept-Encoding:
      - gzip, deflate
      Connection:
      - keep-alive
      Content-Length:
      - '20'
      Content-Type:
      - application/json
      Date:
      - Wed, 11 Nov 2020 02:57:02 GMT
      User-Agent:
      - azsdk-python-communication-administration/1.0.0b2 Python/3.7.9 (Windows-10-10.0.19041-SP0)
      x-ms-return-client-request-id:
      - 'true'
    method: POST
    uri: https://sanitized.dev.communication.azure.net/identities/sanitized/token?api-version=2020-07-20-preview2
  response:
    body: '{"id": "sanitized", "token": "sanitized", "expiresOn": "2020-11-12T02:56:57.6052626+00:00"}'
    headers:
      api-supported-versions:
      - 2020-01-15-generalAvailability, 2020-07-20-preview1, 2020-07-20-preview2
      content-type:
      - application/json; charset=utf-8
      date:
      - Wed, 11 Nov 2020 02:56:58 GMT
      ms-cv:
      - mjyH1GJzOke2KIun6VOX6g.0
      transfer-encoding:
      - chunked
      x-processing-time:
      - 301ms
    status:
      code: 200
      message: OK
- request:
    body: null
    headers:
      Accept:
      - application/json
      Accept-Encoding:
      - gzip, deflate
      Connection:
      - keep-alive
      Content-Length:
      - '0'
      Date:
      - Wed, 11 Nov 2020 02:57:03 GMT
      User-Agent:
      - azsdk-python-communication-administration/1.0.0b2 Python/3.7.9 (Windows-10-10.0.19041-SP0)
      x-ms-return-client-request-id:
      - 'true'
    method: POST
    uri: https://sanitized.dev.communication.azure.net/identities?api-version=2020-07-20-preview2
  response:
    body: '{"id": "sanitized"}'
    headers:
      api-supported-versions:
      - 2020-01-15-generalAvailability, 2020-07-20-preview1, 2020-07-20-preview2
      content-type:
      - application/json; charset=utf-8
      date:
      - Wed, 11 Nov 2020 02:56:58 GMT
      ms-cv:
      - DFGF1DAPIEyXQPRv0pxQgg.0
      transfer-encoding:
      - chunked
      x-processing-time:
      - 143ms
    status:
      code: 200
      message: OK
- request:
    body: '{"topic": "test topic", "members": "sanitized"}'
    headers:
      Accept:
      - application/json
      Content-Length:
      - '200'
      Content-Type:
      - application/json
      User-Agent:
      - azsdk-python-communication-chat/1.0.0b2 Python/3.7.9 (Windows-10-10.0.19041-SP0)
    method: POST
    uri: https://sanitized.dev.communication.azure.net/chat/threads?api-version=2020-09-21-preview2
  response:
    body: '{"multipleStatus": "sanitized"}'
    headers:
      api-supported-versions: 2020-09-21-preview2, 2020-11-01-preview3
      content-type: application/json; charset=utf-8
      date: Wed, 11 Nov 2020 02:56:59 GMT
      ms-cv: MhATfKYzxU6I64XACtXcOw.0
      strict-transport-security: max-age=2592000
      transfer-encoding: chunked
      x-processing-time: 1152ms
    status:
      code: 207
      message: Multi-Status
    url: https://sanitized.dev.communication.azure.net/chat/threads?api-version=2020-09-21-preview2
- request:
    body: '{"priority": "Normal", "content": "hello world", "senderDisplayName": "sender
      name"}'
    headers:
      Accept:
      - application/json
      Content-Length:
      - '84'
      Content-Type:
      - application/json
      User-Agent:
      - azsdk-python-communication-chat/1.0.0b2 Python/3.7.9 (Windows-10-10.0.19041-SP0)
    method: POST
    uri: https://sanitized.dev.communication.azure.net/chat/threads/sanitized/messages?api-version=2020-09-21-preview2
  response:
    body: '{"id": "sanitized"}'
    headers:
      api-supported-versions: 2020-09-21-preview2, 2020-11-01-preview3
      content-type: application/json; charset=utf-8
      date: Wed, 11 Nov 2020 02:57:00 GMT
      ms-cv: HyYeWacziUqjxMEyCFcUog.0
      strict-transport-security: max-age=2592000
      transfer-encoding: chunked
      x-processing-time: 403ms
    status:
      code: 201
      message: Created
    url: https://sanitized.dev.communication.azure.net/chat/threads/sanitized/messages?api-version=2020-09-21-preview2
- request:
    body: null
    headers:
      Accept:
      - application/json
      User-Agent:
      - azsdk-python-communication-chat/1.0.0b2 Python/3.7.9 (Windows-10-10.0.19041-SP0)
    method: DELETE
    uri: https://sanitized.dev.communication.azure.net/chat/threads/sanitized/messages/sanitized?api-version=2020-09-21-preview2
  response:
    body:
      string: ''
    headers:
      api-supported-versions: 2020-09-21-preview2, 2020-11-01-preview3
      date: Wed, 11 Nov 2020 02:57:01 GMT
      ms-cv: HI8Bc3Pm+E6qNYDby8tJ3Q.0
      strict-transport-security: max-age=2592000
      x-processing-time: 432ms
    status:
      code: 204
      message: No Content
    url: https://sanitized.dev.communication.azure.net/chat/threads/sanitized/messages/sanitized?api-version=2020-09-21-preview2
- request:
    body: null
    headers:
      Accept:
      - application/json
      User-Agent:
      - azsdk-python-communication-chat/1.0.0b2 Python/3.7.9 (Windows-10-10.0.19041-SP0)
    method: DELETE
    uri: https://sanitized.dev.communication.azure.net/chat/threads/sanitized?api-version=2020-09-21-preview2
  response:
    body:
      string: ''
    headers:
      api-supported-versions: 2020-09-21-preview2, 2020-11-01-preview3
      date: Wed, 11 Nov 2020 02:57:01 GMT
      ms-cv: G5vCQsTkRkWlsX/WEMDoKg.0
      strict-transport-security: max-age=2592000
      x-processing-time: 336ms
    status:
      code: 204
      message: No Content
    url: https://sanitized.dev.communication.azure.net/chat/threads/sanitized?api-version=2020-09-21-preview2
- request:
    body: null
    headers:
      Accept:
      - '*/*'
      Accept-Encoding:
      - gzip, deflate
      Connection:
      - keep-alive
      Content-Length:
      - '0'
      Date:
      - Wed, 11 Nov 2020 02:57:06 GMT
      User-Agent:
      - azsdk-python-communication-administration/1.0.0b2 Python/3.7.9 (Windows-10-10.0.19041-SP0)
      x-ms-return-client-request-id:
      - 'true'
    method: DELETE
    uri: https://sanitized.dev.communication.azure.net/identities/sanitized?api-version=2020-07-20-preview2
  response:
    body:
      string: ''
    headers:
      api-supported-versions:
      - 2020-01-15-generalAvailability, 2020-07-20-preview1, 2020-07-20-preview2
      date:
      - Wed, 11 Nov 2020 02:57:17 GMT
      ms-cv:
      - pViJzm29PEShZdKTbgAGzg.0
      x-processing-time:
      - 16299ms
    status:
      code: 204
      message: No Content
- request:
    body: null
    headers:
      Accept:
      - '*/*'
      Accept-Encoding:
      - gzip, deflate
      Connection:
      - keep-alive
      Content-Length:
      - '0'
      Date:
      - Wed, 11 Nov 2020 02:57:23 GMT
      User-Agent:
      - azsdk-python-communication-administration/1.0.0b2 Python/3.7.9 (Windows-10-10.0.19041-SP0)
      x-ms-return-client-request-id:
      - 'true'
    method: DELETE
    uri: https://sanitized.dev.communication.azure.net/identities/sanitized?api-version=2020-07-20-preview2
  response:
    body:
      string: ''
    headers:
      api-supported-versions:
      - 2020-01-15-generalAvailability, 2020-07-20-preview1, 2020-07-20-preview2
      date:
      - Wed, 11 Nov 2020 02:57:34 GMT
      ms-cv:
      - Z7vgqZlerUKlbsoce8ou7g.0
      x-processing-time:
      - 16032ms
    status:
      code: 204
      message: No Content
version: 1
